--- Startup times for process: Primary (or UI client) ---

times in msec
 clock   self+sourced   self:  sourced script
 clock   elapsed:              other lines

000.007  000.007: --- NVIM STARTING ---
000.360  000.353: event init
000.559  000.198: early init
000.730  000.171: locale set
000.862  000.132: init first window
001.845  000.983: inits 1
001.872  000.027: window checked
001.880  000.007: parsing arguments
003.234  000.170  000.170: require('vim.shared')
003.539  000.117  000.117: require('vim.inspect')
003.680  000.116  000.116: require('vim._options')
003.687  000.440  000.207: require('vim._editor')
003.692  000.683  000.073: require('vim._init_packages')
003.701  001.138: init lua interpreter
007.072  003.371: nvim_ui_attach
007.656  000.585: nvim_set_client_info
007.662  000.006: --- NVIM STARTED ---

--- Startup times for process: Embedded ---

times in msec
 clock   self+sourced   self:  sourced script
 clock   elapsed:              other lines

000.008  000.008: --- NVIM STARTING ---
000.428  000.420: event init
000.641  000.213: early init
000.863  000.222: locale set
001.005  000.142: init first window
001.926  000.922: inits 1
001.967  000.041: window checked
001.975  000.008: parsing arguments
003.237  000.119  000.119: require('vim.shared')
003.496  000.115  000.115: require('vim.inspect')
003.647  000.128  000.128: require('vim._options')
003.655  000.408  000.165: require('vim._editor')
003.661  000.584  000.056: require('vim._init_packages')
003.676  001.118: init lua interpreter
003.840  000.164: expanding arguments
003.886  000.046: inits 2
004.623  000.737: init highlight
004.628  000.005: waiting for UI
004.975  000.347: done waiting for UI
005.000  000.025: clear screen
005.383  000.029  000.029: require('vim.keymap')
007.613  000.423  000.423: sourcing nvim_exec2()
007.969  002.962  002.510: require('vim._defaults')
007.975  000.014: init default mappings & autocommands
008.197  000.221: --cmd commands
011.005  000.156  000.156: sourcing /nix/store/5vqgd0vxihah32l7fqxjmhmjb31ipqpy-neovim-unwrapped-0.11.4/share/nvim/runtime/ftplugin.vim
011.182  000.056  000.056: sourcing /nix/store/5vqgd0vxihah32l7fqxjmhmjb31ipqpy-neovim-unwrapped-0.11.4/share/nvim/runtime/indent.vim
016.762  002.107  002.107: require('lazy')
016.836  000.032  000.032: require('ffi')
016.966  000.060  000.060: require('vim.fs')
017.197  000.222  000.222: require('vim.uri')
017.251  000.405  000.123: require('vim.loader')
017.490  000.200  000.200: require('lazy.stats')
017.749  000.220  000.220: require('lazy.core.util')
017.992  000.237  000.237: require('lazy.core.config')
018.548  000.279  000.279: require('lazy.core.handler')
019.225  000.220  000.220: require('lazy.pkg')
019.251  000.452  000.232: require('lazy.core.meta')
019.296  000.742  000.290: require('lazy.core.plugin')
019.329  001.331  000.309: require('lazy.core.loader')
019.991  000.302  000.302: require('lazy.core.fragments')
021.628  000.170  000.170: require('lazy.core.handler.keys')
021.744  000.105  000.105: require('lazy.core.handler.event')
021.821  000.069  000.069: require('lazy.core.handler.ft')
021.900  000.072  000.072: require('lazy.core.handler.cmd')
022.014  000.019  000.019: sourcing nvim_exec2() called at /home/replica/nix/nvim/init.lua:0
022.039  000.004  000.004: sourcing nvim_exec2() called at /home/replica/nix/nvim/init.lua:0
022.057  000.004  000.004: sourcing nvim_exec2() called at /home/replica/nix/nvim/init.lua:0
022.075  000.004  000.004: sourcing nvim_exec2() called at /home/replica/nix/nvim/init.lua:0
022.150  000.004  000.004: sourcing nvim_exec2() called at /home/replica/nix/nvim/init.lua:0
022.336  000.052  000.052: sourcing /home/replica/.local/share/nvim/lazy/vimtex/ftdetect/cls.vim
022.345  000.122  000.069: sourcing nvim_exec2() called at /home/replica/nix/nvim/init.lua:0
022.451  000.034  000.034: sourcing /home/replica/.local/share/nvim/lazy/vimtex/ftdetect/tex.vim
022.458  000.090  000.056: sourcing nvim_exec2() called at /home/replica/nix/nvim/init.lua:0
022.544  000.025  000.025: sourcing /home/replica/.local/share/nvim/lazy/vimtex/ftdetect/tikz.vim
022.551  000.080  000.055: sourcing nvim_exec2() called at /home/replica/nix/nvim/init.lua:0
022.564  000.005  000.005: sourcing nvim_exec2() called at /home/replica/nix/nvim/init.lua:0
022.704  000.006  000.006: sourcing nvim_exec2() called at /home/replica/nix/nvim/init.lua:0
022.729  000.005  000.005: sourcing nvim_exec2() called at /home/replica/nix/nvim/init.lua:0
023.296  000.328  000.328: sourcing nvim_exec2() called at /nix/store/5vqgd0vxihah32l7fqxjmhmjb31ipqpy-neovim-unwrapped-0.11.4/share/nvim/runtime/filetype.lua:0
023.303  000.440  000.112: sourcing /nix/store/5vqgd0vxihah32l7fqxjmhmjb31ipqpy-neovim-unwrapped-0.11.4/share/nvim/runtime/filetype.lua
023.312  000.499  000.059: sourcing nvim_exec2() called at /home/replica/nix/nvim/init.lua:0
023.856  000.058  000.058: sourcing /home/replica/.local/share/nvim/lazy/nvim-web-devicons/plugin/nvim-web-devicons.vim
023.867  000.128  000.070: sourcing nvim_exec2() called at /home/replica/nix/nvim/init.lua:0
023.883  000.005  000.005: sourcing nvim_exec2() called at /home/replica/nix/nvim/init.lua:0
023.918  000.004  000.004: sourcing nvim_exec2() called at /home/replica/nix/nvim/init.lua:0
024.958  000.073  000.073: sourcing /home/replica/.local/share/nvim/lazy/plenary.nvim/plugin/plenary.vim
024.975  000.165  000.092: sourcing nvim_exec2() called at /home/replica/nix/nvim/init.lua:0
024.996  000.007  000.007: sourcing nvim_exec2() called at /home/replica/nix/nvim/init.lua:0
025.022  000.003  000.003: sourcing nvim_exec2() called at /home/replica/nix/nvim/init.lua:0
025.055  000.005  000.005: sourcing nvim_exec2() called at /home/replica/nix/nvim/init.lua:0
025.076  000.004  000.004: sourcing nvim_exec2() called at /home/replica/nix/nvim/init.lua:0
025.103  000.005  000.005: sourcing nvim_exec2() called at /home/replica/nix/nvim/init.lua:0
025.129  000.005  000.005: sourcing nvim_exec2() called at /home/replica/nix/nvim/init.lua:0
027.361  000.203  000.203: require('chadrc')
027.875  001.240  001.037: require('nvconfig')
028.158  000.264  000.264: require('nvchad.stl.utils')
028.200  003.055  001.552: require('nvchad')
028.345  000.017  000.017: sourcing nvim_exec2() called at /home/replica/nix/nvim/init.lua:0
028.365  000.004  000.004: sourcing nvim_exec2() called at /home/replica/nix/nvim/init.lua:0
029.660  000.255  000.255: require('langmapper.config')
029.824  000.156  000.156: require('langmapper.helpers')
029.842  000.713  000.302: require('langmapper.utils')
029.858  001.312  000.599: require('langmapper')
033.624  000.208  000.208: require('langmapper.auto')
056.980  028.605  027.085: require('configs.langmapper')
057.881  000.219  000.219: sourcing /nix/store/5vqgd0vxihah32l7fqxjmhmjb31ipqpy-neovim-unwrapped-0.11.4/share/nvim/runtime/plugin/editorconfig.lua
057.897  000.338  000.119: sourcing nvim_exec2() called at /home/replica/nix/nvim/init.lua:0
058.362  000.395  000.395: sourcing /nix/store/5vqgd0vxihah32l7fqxjmhmjb31ipqpy-neovim-unwrapped-0.11.4/share/nvim/runtime/plugin/gzip.vim
058.372  000.458  000.062: sourcing nvim_exec2() called at /home/replica/nix/nvim/init.lua:0
058.810  000.368  000.368: sourcing /nix/store/5vqgd0vxihah32l7fqxjmhmjb31ipqpy-neovim-unwrapped-0.11.4/share/nvim/runtime/plugin/man.lua
058.822  000.433  000.065: sourcing nvim_exec2() called at /home/replica/nix/nvim/init.lua:0
060.033  000.436  000.436: sourcing /nix/store/5vqgd0vxihah32l7fqxjmhmjb31ipqpy-neovim-unwrapped-0.11.4/share/nvim/runtime/pack/dist/opt/matchit/plugin/matchit.vim
060.084  001.181  000.745: sourcing /nix/store/5vqgd0vxihah32l7fqxjmhmjb31ipqpy-neovim-unwrapped-0.11.4/share/nvim/runtime/plugin/matchit.vim
060.091  001.247  000.065: sourcing nvim_exec2() called at /home/replica/nix/nvim/init.lua:0
060.551  000.255  000.255: sourcing /nix/store/5vqgd0vxihah32l7fqxjmhmjb31ipqpy-neovim-unwrapped-0.11.4/share/nvim/runtime/plugin/matchparen.vim
060.562  000.326  000.071: sourcing nvim_exec2() called at /home/replica/nix/nvim/init.lua:0
061.675  000.432  000.432: sourcing /nix/store/5vqgd0vxihah32l7fqxjmhmjb31ipqpy-neovim-unwrapped-0.11.4/share/nvim/runtime/pack/dist/opt/netrw/plugin/netrwPlugin.vim
061.724  001.044  000.612: sourcing /nix/store/5vqgd0vxihah32l7fqxjmhmjb31ipqpy-neovim-unwrapped-0.11.4/share/nvim/runtime/plugin/netrwPlugin.vim
061.732  001.107  000.063: sourcing nvim_exec2() called at /home/replica/nix/nvim/init.lua:0
061.954  000.137  000.137: sourcing /nix/store/5vqgd0vxihah32l7fqxjmhmjb31ipqpy-neovim-unwrapped-0.11.4/share/nvim/runtime/plugin/osc52.lua
061.964  000.214  000.077: sourcing nvim_exec2() called at /home/replica/nix/nvim/init.lua:0
062.416  000.014  000.014: sourcing /nix/store/fqb2rj54zxs6ccwa8xr90996536m70wg-neovim-0.11.4/rplugin.vim
062.607  000.014  000.014: sourcing /home/replica/.local/share/nvim/rplugin.vim
062.622  000.585  000.556: sourcing /nix/store/5vqgd0vxihah32l7fqxjmhmjb31ipqpy-neovim-unwrapped-0.11.4/share/nvim/runtime/plugin/rplugin.vim
062.687  000.709  000.124: sourcing nvim_exec2() called at /home/replica/nix/nvim/init.lua:0
062.913  000.128  000.128: sourcing /nix/store/5vqgd0vxihah32l7fqxjmhmjb31ipqpy-neovim-unwrapped-0.11.4/share/nvim/runtime/plugin/shada.vim
062.924  000.209  000.081: sourcing nvim_exec2() called at /home/replica/nix/nvim/init.lua:0
063.065  000.033  000.033: sourcing /nix/store/5vqgd0vxihah32l7fqxjmhmjb31ipqpy-neovim-unwrapped-0.11.4/share/nvim/runtime/plugin/spellfile.vim
063.073  000.129  000.095: sourcing nvim_exec2() called at /home/replica/nix/nvim/init.lua:0
063.341  000.182  000.182: sourcing /nix/store/5vqgd0vxihah32l7fqxjmhmjb31ipqpy-neovim-unwrapped-0.11.4/share/nvim/runtime/plugin/tarPlugin.vim
063.350  000.258  000.076: sourcing nvim_exec2() called at /home/replica/nix/nvim/init.lua:0
063.577  000.126  000.126: sourcing /nix/store/5vqgd0vxihah32l7fqxjmhmjb31ipqpy-neovim-unwrapped-0.11.4/share/nvim/runtime/plugin/tohtml.lua
063.585  000.219  000.093: sourcing nvim_exec2() called at /home/replica/nix/nvim/init.lua:0
063.703  000.033  000.033: sourcing /nix/store/5vqgd0vxihah32l7fqxjmhmjb31ipqpy-neovim-unwrapped-0.11.4/share/nvim/runtime/plugin/tutor.vim
063.710  000.104  000.071: sourcing nvim_exec2() called at /home/replica/nix/nvim/init.lua:0
064.094  000.234  000.234: sourcing /nix/store/5vqgd0vxihah32l7fqxjmhmjb31ipqpy-neovim-unwrapped-0.11.4/share/nvim/runtime/plugin/zipPlugin.vim
064.103  000.315  000.081: sourcing nvim_exec2() called at /home/replica/nix/nvim/init.lua:0
064.611  000.145  000.145: require('autocmds')
064.976  000.358  000.358: require('options')
064.986  053.335  008.665: sourcing /home/replica/.config/nvim/init.lua
065.003  003.260: sourcing vimrc file(s)
065.599  000.088  000.088: sourcing /nix/store/5vqgd0vxihah32l7fqxjmhmjb31ipqpy-neovim-unwrapped-0.11.4/share/nvim/runtime/filetype.lua
066.029  000.116  000.116: sourcing /nix/store/5vqgd0vxihah32l7fqxjmhmjb31ipqpy-neovim-unwrapped-0.11.4/share/nvim/runtime/syntax/synload.vim
066.164  000.411  000.295: sourcing /nix/store/5vqgd0vxihah32l7fqxjmhmjb31ipqpy-neovim-unwrapped-0.11.4/share/nvim/runtime/syntax/syntax.vim
066.189  000.686: inits 3
071.823  005.635: reading ShaDa
072.639  000.816: opening buffers
072.734  000.095: BufEnter autocommands
072.742  000.008: editing files in windows
073.018  000.024  000.024: sourcing nvim_exec2() called at VimEnter Autocommands for "*":0
073.033  000.268: VimEnter autocommands
073.409  000.266  000.266: require('vim.termcap')
073.488  000.044  000.044: require('vim.text')
073.554  000.211: UIEnter autocommands
074.456  000.692  000.692: sourcing /nix/store/5vqgd0vxihah32l7fqxjmhmjb31ipqpy-neovim-unwrapped-0.11.4/share/nvim/runtime/autoload/provider/clipboard.vim
074.474  000.228: before starting main loop
074.989  000.182  000.182: require('nvchad.stl.default')
075.307  000.652: first screen update
075.313  000.005: --- NVIM STARTED ---

